"scripts" не является внутренней или внешней
командой, исполняемой программой или пакетным файлом.
